// Jest Snapshot v1, https://goo.gl/fbAQLP

exports[`[object Object] 1`] = `
<div
  className="spinner"
>
  <i
    className="fas fa-spinner fa-pulse"
  />
</div>
`;
