// Jest Snapshot v1, https://goo.gl/fbAQLP

exports[`[object Object] 1`] = `
<i
  className="icon fa fa-right"
/>
`;
